CRITICAL - 2025-12-12 03:52:55 --> CodeIgniter\View\Exceptions\ViewException: Invalid file: "admin/peristiwa/create.php"
[Method: GET, Route: admin/peristiwa/create]
in SYSTEMPATH\Exceptions\FrameworkException.php on line 39.
 1 SYSTEMPATH\View\View.php(214): CodeIgniter\Exceptions\FrameworkException::forInvalidFile('admin/peristiwa/create.php')
 2 SYSTEMPATH\Common.php(1167): CodeIgniter\View\View->render('admin/peristiwa/create', [], true)
 3 APPPATH\Controllers\Admin\Peristiwa.php(44): view('admin/peristiwa/create', [...])
 4 SYSTEMPATH\CodeIgniter.php(933): App\Controllers\Admin\Peristiwa->create()
 5 SYSTEMPATH\CodeIgniter.php(507): CodeIgniter\CodeIgniter->runController(Object(App\Controllers\Admin\Peristiwa))
 6 SYSTEMPATH\CodeIgniter.php(354): CodeIgniter\CodeIgniter->handleRequest(null, Object(Config\Cache), false)
 7 SYSTEMPATH\Boot.php(363): CodeIgniter\CodeIgniter->run()
 8 SYSTEMPATH\Boot.php(68): CodeIgniter\Boot::runCodeIgniter(Object(CodeIgniter\CodeIgniter))
 9 FCPATH\index.php(59): CodeIgniter\Boot::bootWeb(Object(Config\Paths))
10 SYSTEMPATH\rewrite.php(44): require_once('C:\\xampp4\\htdocs\\E-Learning\\Website_Edukasi\\public\\index.php')
DEBUG - 2025-12-12 03:54:02 --> Session: Class initialized using 'CodeIgniter\Session\Handlers\FileHandler' driver.
DEBUG - 2025-12-12 03:58:59 --> Session: Class initialized using 'CodeIgniter\Session\Handlers\FileHandler' driver.
ERROR - 2025-12-12 03:59:14 --> mysqli_sql_exception: Unknown column 'judul' in 'field list' in C:\xampp4\htdocs\E-Learning\Website_Edukasi\system\Database\MySQLi\Connection.php:327
Stack trace:
#0 C:\xampp4\htdocs\E-Learning\Website_Edukasi\system\Database\MySQLi\Connection.php(327): mysqli->query('INSERT INTO `pe...', 0)
#1 C:\xampp4\htdocs\E-Learning\Website_Edukasi\system\Database\BaseConnection.php(729): CodeIgniter\Database\MySQLi\Connection->execute('INSERT INTO `pe...')
#2 C:\xampp4\htdocs\E-Learning\Website_Edukasi\system\Database\BaseConnection.php(646): CodeIgniter\Database\BaseConnection->simpleQuery('INSERT INTO `pe...')
#3 C:\xampp4\htdocs\E-Learning\Website_Edukasi\system\Database\BaseBuilder.php(2345): CodeIgniter\Database\BaseConnection->query('INSERT INTO `pe...', Array, false)
#4 C:\xampp4\htdocs\E-Learning\Website_Edukasi\system\Model.php(394): CodeIgniter\Database\BaseBuilder->insert()
#5 C:\xampp4\htdocs\E-Learning\Website_Edukasi\system\BaseModel.php(838): CodeIgniter\Model->doInsert(Array)
#6 C:\xampp4\htdocs\E-Learning\Website_Edukasi\system\Model.php(797): CodeIgniter\BaseModel->insert(Array, true)
#7 C:\xampp4\htdocs\E-Learning\Website_Edukasi\app\Controllers\Admin\Peristiwa.php(76): CodeIgniter\Model->insert(Array)
#8 C:\xampp4\htdocs\E-Learning\Website_Edukasi\system\CodeIgniter.php(933): App\Controllers\Admin\Peristiwa->store()
#9 C:\xampp4\htdocs\E-Learning\Website_Edukasi\system\CodeIgniter.php(507): CodeIgniter\CodeIgniter->runController(Object(App\Controllers\Admin\Peristiwa))
#10 C:\xampp4\htdocs\E-Learning\Website_Edukasi\system\CodeIgniter.php(354): CodeIgniter\CodeIgniter->handleRequest(NULL, Object(Config\Cache), false)
#11 C:\xampp4\htdocs\E-Learning\Website_Edukasi\system\Boot.php(363): CodeIgniter\CodeIgniter->run()
#12 C:\xampp4\htdocs\E-Learning\Website_Edukasi\system\Boot.php(68): CodeIgniter\Boot::runCodeIgniter(Object(CodeIgniter\CodeIgniter))
#13 C:\xampp4\htdocs\E-Learning\Website_Edukasi\public\index.php(59): CodeIgniter\Boot::bootWeb(Object(Config\Paths))
#14 C:\xampp4\htdocs\E-Learning\Website_Edukasi\system\rewrite.php(44): require_once('C:\\xampp4\\htdoc...')
#15 {main}
CRITICAL - 2025-12-12 03:59:14 --> CodeIgniter\Database\Exceptions\DatabaseException: Unknown column 'judul' in 'field list'
[Method: POST, Route: admin/peristiwa/store]
in SYSTEMPATH\Database\BaseConnection.php on line 684.
 1 SYSTEMPATH\Database\BaseBuilder.php(2345): CodeIgniter\Database\BaseConnection->query('INSERT INTO `peristiwa` (`kerajaan_id`, `judul`, `tahun`, `deskripsi`) VALUES (:kerajaan_id:, :judul:, :tahun:, :deskripsi:)', [...], false)
 2 SYSTEMPATH\Model.php(394): CodeIgniter\Database\BaseBuilder->insert()
 3 SYSTEMPATH\BaseModel.php(838): CodeIgniter\Model->doInsert([...])
 4 SYSTEMPATH\Model.php(797): CodeIgniter\BaseModel->insert([...], true)
 5 APPPATH\Controllers\Admin\Peristiwa.php(76): CodeIgniter\Model->insert([...])
 6 SYSTEMPATH\CodeIgniter.php(933): App\Controllers\Admin\Peristiwa->store()
 7 SYSTEMPATH\CodeIgniter.php(507): CodeIgniter\CodeIgniter->runController(Object(App\Controllers\Admin\Peristiwa))
 8 SYSTEMPATH\CodeIgniter.php(354): CodeIgniter\CodeIgniter->handleRequest(null, Object(Config\Cache), false)
 9 SYSTEMPATH\Boot.php(363): CodeIgniter\CodeIgniter->run()
10 SYSTEMPATH\Boot.php(68): CodeIgniter\Boot::runCodeIgniter(Object(CodeIgniter\CodeIgniter))
11 FCPATH\index.php(59): CodeIgniter\Boot::bootWeb(Object(Config\Paths))
12 SYSTEMPATH\rewrite.php(44): require_once('C:\\xampp4\\htdocs\\E-Learning\\Website_Edukasi\\public\\index.php')
CRITICAL - 2025-12-12 03:59:14 --> [Caused by] CodeIgniter\Database\Exceptions\DatabaseException: Unknown column 'judul' in 'field list'
in SYSTEMPATH\Database\MySQLi\Connection.php on line 332.
 1 SYSTEMPATH\Database\BaseConnection.php(729): CodeIgniter\Database\MySQLi\Connection->execute('INSERT INTO `peristiwa` (`kerajaan_id`, `judul`, `tahun`, `deskripsi`) VALUES (\'5\', \'sadasd\', \'21231231\', \'adwdssdasdad\')')
 2 SYSTEMPATH\Database\BaseConnection.php(646): CodeIgniter\Database\BaseConnection->simpleQuery('INSERT INTO `peristiwa` (`kerajaan_id`, `judul`, `tahun`, `deskripsi`) VALUES (\'5\', \'sadasd\', \'21231231\', \'adwdssdasdad\')')
 3 SYSTEMPATH\Database\BaseBuilder.php(2345): CodeIgniter\Database\BaseConnection->query('INSERT INTO `peristiwa` (`kerajaan_id`, `judul`, `tahun`, `deskripsi`) VALUES (:kerajaan_id:, :judul:, :tahun:, :deskripsi:)', [...], false)
 4 SYSTEMPATH\Model.php(394): CodeIgniter\Database\BaseBuilder->insert()
 5 SYSTEMPATH\BaseModel.php(838): CodeIgniter\Model->doInsert([...])
 6 SYSTEMPATH\Model.php(797): CodeIgniter\BaseModel->insert([...], true)
 7 APPPATH\Controllers\Admin\Peristiwa.php(76): CodeIgniter\Model->insert([...])
 8 SYSTEMPATH\CodeIgniter.php(933): App\Controllers\Admin\Peristiwa->store()
 9 SYSTEMPATH\CodeIgniter.php(507): CodeIgniter\CodeIgniter->runController(Object(App\Controllers\Admin\Peristiwa))
10 SYSTEMPATH\CodeIgniter.php(354): CodeIgniter\CodeIgniter->handleRequest(null, Object(Config\Cache), false)
11 SYSTEMPATH\Boot.php(363): CodeIgniter\CodeIgniter->run()
12 SYSTEMPATH\Boot.php(68): CodeIgniter\Boot::runCodeIgniter(Object(CodeIgniter\CodeIgniter))
13 FCPATH\index.php(59): CodeIgniter\Boot::bootWeb(Object(Config\Paths))
14 SYSTEMPATH\rewrite.php(44): require_once('C:\\xampp4\\htdocs\\E-Learning\\Website_Edukasi\\public\\index.php')
CRITICAL - 2025-12-12 03:59:14 --> [Caused by] mysqli_sql_exception: Unknown column 'judul' in 'field list'
in SYSTEMPATH\Database\MySQLi\Connection.php on line 327.
 1 SYSTEMPATH\Database\MySQLi\Connection.php(327): mysqli->query('INSERT INTO `peristiwa` (`kerajaan_id`, `judul`, `tahun`, `deskripsi`) VALUES (\'5\', \'sadasd\', \'21231231\', \'adwdssdasdad\')', 0)
 2 SYSTEMPATH\Database\BaseConnection.php(729): CodeIgniter\Database\MySQLi\Connection->execute('INSERT INTO `peristiwa` (`kerajaan_id`, `judul`, `tahun`, `deskripsi`) VALUES (\'5\', \'sadasd\', \'21231231\', \'adwdssdasdad\')')
 3 SYSTEMPATH\Database\BaseConnection.php(646): CodeIgniter\Database\BaseConnection->simpleQuery('INSERT INTO `peristiwa` (`kerajaan_id`, `judul`, `tahun`, `deskripsi`) VALUES (\'5\', \'sadasd\', \'21231231\', \'adwdssdasdad\')')
 4 SYSTEMPATH\Database\BaseBuilder.php(2345): CodeIgniter\Database\BaseConnection->query('INSERT INTO `peristiwa` (`kerajaan_id`, `judul`, `tahun`, `deskripsi`) VALUES (:kerajaan_id:, :judul:, :tahun:, :deskripsi:)', [...], false)
 5 SYSTEMPATH\Model.php(394): CodeIgniter\Database\BaseBuilder->insert()
 6 SYSTEMPATH\BaseModel.php(838): CodeIgniter\Model->doInsert([...])
 7 SYSTEMPATH\Model.php(797): CodeIgniter\BaseModel->insert([...], true)
 8 APPPATH\Controllers\Admin\Peristiwa.php(76): CodeIgniter\Model->insert([...])
 9 SYSTEMPATH\CodeIgniter.php(933): App\Controllers\Admin\Peristiwa->store()
10 SYSTEMPATH\CodeIgniter.php(507): CodeIgniter\CodeIgniter->runController(Object(App\Controllers\Admin\Peristiwa))
11 SYSTEMPATH\CodeIgniter.php(354): CodeIgniter\CodeIgniter->handleRequest(null, Object(Config\Cache), false)
12 SYSTEMPATH\Boot.php(363): CodeIgniter\CodeIgniter->run()
13 SYSTEMPATH\Boot.php(68): CodeIgniter\Boot::runCodeIgniter(Object(CodeIgniter\CodeIgniter))
14 FCPATH\index.php(59): CodeIgniter\Boot::bootWeb(Object(Config\Paths))
15 SYSTEMPATH\rewrite.php(44): require_once('C:\\xampp4\\htdocs\\E-Learning\\Website_Edukasi\\public\\index.php')
ERROR - 2025-12-12 03:59:42 --> mysqli_sql_exception: Unknown column 'judul' in 'field list' in C:\xampp4\htdocs\E-Learning\Website_Edukasi\system\Database\MySQLi\Connection.php:327
Stack trace:
#0 C:\xampp4\htdocs\E-Learning\Website_Edukasi\system\Database\MySQLi\Connection.php(327): mysqli->query('INSERT INTO `pe...', 0)
#1 C:\xampp4\htdocs\E-Learning\Website_Edukasi\system\Database\BaseConnection.php(729): CodeIgniter\Database\MySQLi\Connection->execute('INSERT INTO `pe...')
#2 C:\xampp4\htdocs\E-Learning\Website_Edukasi\system\Database\BaseConnection.php(646): CodeIgniter\Database\BaseConnection->simpleQuery('INSERT INTO `pe...')
#3 C:\xampp4\htdocs\E-Learning\Website_Edukasi\system\Database\BaseBuilder.php(2345): CodeIgniter\Database\BaseConnection->query('INSERT INTO `pe...', Array, false)
#4 C:\xampp4\htdocs\E-Learning\Website_Edukasi\system\Model.php(394): CodeIgniter\Database\BaseBuilder->insert()
#5 C:\xampp4\htdocs\E-Learning\Website_Edukasi\system\BaseModel.php(838): CodeIgniter\Model->doInsert(Array)
#6 C:\xampp4\htdocs\E-Learning\Website_Edukasi\system\Model.php(797): CodeIgniter\BaseModel->insert(Array, true)
#7 C:\xampp4\htdocs\E-Learning\Website_Edukasi\app\Controllers\Admin\Peristiwa.php(76): CodeIgniter\Model->insert(Array)
#8 C:\xampp4\htdocs\E-Learning\Website_Edukasi\system\CodeIgniter.php(933): App\Controllers\Admin\Peristiwa->store()
#9 C:\xampp4\htdocs\E-Learning\Website_Edukasi\system\CodeIgniter.php(507): CodeIgniter\CodeIgniter->runController(Object(App\Controllers\Admin\Peristiwa))
#10 C:\xampp4\htdocs\E-Learning\Website_Edukasi\system\CodeIgniter.php(354): CodeIgniter\CodeIgniter->handleRequest(NULL, Object(Config\Cache), false)
#11 C:\xampp4\htdocs\E-Learning\Website_Edukasi\system\Boot.php(363): CodeIgniter\CodeIgniter->run()
#12 C:\xampp4\htdocs\E-Learning\Website_Edukasi\system\Boot.php(68): CodeIgniter\Boot::runCodeIgniter(Object(CodeIgniter\CodeIgniter))
#13 C:\xampp4\htdocs\E-Learning\Website_Edukasi\public\index.php(59): CodeIgniter\Boot::bootWeb(Object(Config\Paths))
#14 C:\xampp4\htdocs\E-Learning\Website_Edukasi\system\rewrite.php(44): require_once('C:\\xampp4\\htdoc...')
#15 {main}
CRITICAL - 2025-12-12 03:59:42 --> CodeIgniter\Database\Exceptions\DatabaseException: Unknown column 'judul' in 'field list'
[Method: POST, Route: admin/peristiwa/store]
in SYSTEMPATH\Database\BaseConnection.php on line 684.
 1 SYSTEMPATH\Database\BaseBuilder.php(2345): CodeIgniter\Database\BaseConnection->query('INSERT INTO `peristiwa` (`kerajaan_id`, `judul`, `tahun`, `deskripsi`) VALUES (:kerajaan_id:, :judul:, :tahun:, :deskripsi:)', [...], false)
 2 SYSTEMPATH\Model.php(394): CodeIgniter\Database\BaseBuilder->insert()
 3 SYSTEMPATH\BaseModel.php(838): CodeIgniter\Model->doInsert([...])
 4 SYSTEMPATH\Model.php(797): CodeIgniter\BaseModel->insert([...], true)
 5 APPPATH\Controllers\Admin\Peristiwa.php(76): CodeIgniter\Model->insert([...])
 6 SYSTEMPATH\CodeIgniter.php(933): App\Controllers\Admin\Peristiwa->store()
 7 SYSTEMPATH\CodeIgniter.php(507): CodeIgniter\CodeIgniter->runController(Object(App\Controllers\Admin\Peristiwa))
 8 SYSTEMPATH\CodeIgniter.php(354): CodeIgniter\CodeIgniter->handleRequest(null, Object(Config\Cache), false)
 9 SYSTEMPATH\Boot.php(363): CodeIgniter\CodeIgniter->run()
10 SYSTEMPATH\Boot.php(68): CodeIgniter\Boot::runCodeIgniter(Object(CodeIgniter\CodeIgniter))
11 FCPATH\index.php(59): CodeIgniter\Boot::bootWeb(Object(Config\Paths))
12 SYSTEMPATH\rewrite.php(44): require_once('C:\\xampp4\\htdocs\\E-Learning\\Website_Edukasi\\public\\index.php')
CRITICAL - 2025-12-12 03:59:42 --> [Caused by] CodeIgniter\Database\Exceptions\DatabaseException: Unknown column 'judul' in 'field list'
in SYSTEMPATH\Database\MySQLi\Connection.php on line 332.
 1 SYSTEMPATH\Database\BaseConnection.php(729): CodeIgniter\Database\MySQLi\Connection->execute('INSERT INTO `peristiwa` (`kerajaan_id`, `judul`, `tahun`, `deskripsi`) VALUES (\'5\', \'Perang Bubat\', \'1234\', \'adwdssdasdad\')')
 2 SYSTEMPATH\Database\BaseConnection.php(646): CodeIgniter\Database\BaseConnection->simpleQuery('INSERT INTO `peristiwa` (`kerajaan_id`, `judul`, `tahun`, `deskripsi`) VALUES (\'5\', \'Perang Bubat\', \'1234\', \'adwdssdasdad\')')
 3 SYSTEMPATH\Database\BaseBuilder.php(2345): CodeIgniter\Database\BaseConnection->query('INSERT INTO `peristiwa` (`kerajaan_id`, `judul`, `tahun`, `deskripsi`) VALUES (:kerajaan_id:, :judul:, :tahun:, :deskripsi:)', [...], false)
 4 SYSTEMPATH\Model.php(394): CodeIgniter\Database\BaseBuilder->insert()
 5 SYSTEMPATH\BaseModel.php(838): CodeIgniter\Model->doInsert([...])
 6 SYSTEMPATH\Model.php(797): CodeIgniter\BaseModel->insert([...], true)
 7 APPPATH\Controllers\Admin\Peristiwa.php(76): CodeIgniter\Model->insert([...])
 8 SYSTEMPATH\CodeIgniter.php(933): App\Controllers\Admin\Peristiwa->store()
 9 SYSTEMPATH\CodeIgniter.php(507): CodeIgniter\CodeIgniter->runController(Object(App\Controllers\Admin\Peristiwa))
10 SYSTEMPATH\CodeIgniter.php(354): CodeIgniter\CodeIgniter->handleRequest(null, Object(Config\Cache), false)
11 SYSTEMPATH\Boot.php(363): CodeIgniter\CodeIgniter->run()
12 SYSTEMPATH\Boot.php(68): CodeIgniter\Boot::runCodeIgniter(Object(CodeIgniter\CodeIgniter))
13 FCPATH\index.php(59): CodeIgniter\Boot::bootWeb(Object(Config\Paths))
14 SYSTEMPATH\rewrite.php(44): require_once('C:\\xampp4\\htdocs\\E-Learning\\Website_Edukasi\\public\\index.php')
CRITICAL - 2025-12-12 03:59:42 --> [Caused by] mysqli_sql_exception: Unknown column 'judul' in 'field list'
in SYSTEMPATH\Database\MySQLi\Connection.php on line 327.
 1 SYSTEMPATH\Database\MySQLi\Connection.php(327): mysqli->query('INSERT INTO `peristiwa` (`kerajaan_id`, `judul`, `tahun`, `deskripsi`) VALUES (\'5\', \'Perang Bubat\', \'1234\', \'adwdssdasdad\')', 0)
 2 SYSTEMPATH\Database\BaseConnection.php(729): CodeIgniter\Database\MySQLi\Connection->execute('INSERT INTO `peristiwa` (`kerajaan_id`, `judul`, `tahun`, `deskripsi`) VALUES (\'5\', \'Perang Bubat\', \'1234\', \'adwdssdasdad\')')
 3 SYSTEMPATH\Database\BaseConnection.php(646): CodeIgniter\Database\BaseConnection->simpleQuery('INSERT INTO `peristiwa` (`kerajaan_id`, `judul`, `tahun`, `deskripsi`) VALUES (\'5\', \'Perang Bubat\', \'1234\', \'adwdssdasdad\')')
 4 SYSTEMPATH\Database\BaseBuilder.php(2345): CodeIgniter\Database\BaseConnection->query('INSERT INTO `peristiwa` (`kerajaan_id`, `judul`, `tahun`, `deskripsi`) VALUES (:kerajaan_id:, :judul:, :tahun:, :deskripsi:)', [...], false)
 5 SYSTEMPATH\Model.php(394): CodeIgniter\Database\BaseBuilder->insert()
 6 SYSTEMPATH\BaseModel.php(838): CodeIgniter\Model->doInsert([...])
 7 SYSTEMPATH\Model.php(797): CodeIgniter\BaseModel->insert([...], true)
 8 APPPATH\Controllers\Admin\Peristiwa.php(76): CodeIgniter\Model->insert([...])
 9 SYSTEMPATH\CodeIgniter.php(933): App\Controllers\Admin\Peristiwa->store()
10 SYSTEMPATH\CodeIgniter.php(507): CodeIgniter\CodeIgniter->runController(Object(App\Controllers\Admin\Peristiwa))
11 SYSTEMPATH\CodeIgniter.php(354): CodeIgniter\CodeIgniter->handleRequest(null, Object(Config\Cache), false)
12 SYSTEMPATH\Boot.php(363): CodeIgniter\CodeIgniter->run()
13 SYSTEMPATH\Boot.php(68): CodeIgniter\Boot::runCodeIgniter(Object(CodeIgniter\CodeIgniter))
14 FCPATH\index.php(59): CodeIgniter\Boot::bootWeb(Object(Config\Paths))
15 SYSTEMPATH\rewrite.php(44): require_once('C:\\xampp4\\htdocs\\E-Learning\\Website_Edukasi\\public\\index.php')
DEBUG - 2025-12-12 04:08:14 --> Session: Class initialized using 'CodeIgniter\Session\Handlers\FileHandler' driver.
DEBUG - 2025-12-12 07:14:10 --> Session: Class initialized using 'CodeIgniter\Session\Handlers\FileHandler' driver.
DEBUG - 2025-12-12 07:14:14 --> Session: Class initialized using 'CodeIgniter\Session\Handlers\FileHandler' driver.
